Аверченкова Марися Сергеевна
Алпатов Павел Станиславович
Ахмедов Николай Тимурович
Бабаев Алипаша Алияр оглы
Барышев Артем Владимирович
Безенов Данил Валерьевич
Бекасов Максим Анатольевич
Белевцева Елена Олеговна
Березовская Леонилла Викторовна
Бобошина Светлана Борисовна
Богомолов Михаил Сергеевич
Борзенков Александр Владимирович
Бородич Константин Андреевич
Булгаков Александр Дмитриевич
Бусыгин Сергей Андреевич
Бучнев Алексей Станиславович
Бушуева Алина Павловна
Быкова Екатерина Алексеевна
Былинкина Анастасия Сергеевна
Верёвкин Пётр Александрович
Веселко Никита Игоревич
Виноградов Олег Дмитриевич
Вишневецкий Кирилл Сергеевич
Воловинский Иннокентий Владимирович
Воробьев Максим Игоревич
Гаврилова Юлия Николаевна
Гаврищук Никита Денисович
Гай Вячеслав Евгеньевич
Гильманов Владислав Раулевич
Голованов Сергей Александрович
Григорьева Анастасия Владимировна
Грунина Ирина Сергеевна
Дворяткина Ксения Валерьевна
Демидова Дарья Александровна
Демичева Наталья Алексеевна
Диких Варвара Сергеевна
Дорошенков Михаил Михайлович
Жданова Татьяна Александровна
Иванова Александра Максимовна
Иванова Екатерина Сергеевна
Калугина Анастасия Евгеньевна
Караваев Максим Владимирович
Клепиков Илья Александрович
Кобяков Лев Викторович
Кожина Ольга Михайловна
Комаров Михаил Игоревич
Кораблев Владислав Алексеевич
Кошелев Антон Андреевич
Лавриков Виктор Викторович
Ладилова Надежда Анатольевна
Лебедева Алла Александровна
Луцишина Ирина Валерьевна
Малков Виктор Александрович
Мапельман Валентина Михайловна
Миллер Евгения Олеговна
Михайлова Ирина Игоревна
Морозова Полина Алексеевна
Мусин Султан Астахович
Нагорная Мария Александровна
Назаров Роман Львович
Накапкин Александр Денисович
Некрасов Василий Алексеевич
Непутяхин Алексей Дмитриевич
Нечагина Светлана Михайловна
Нечепуренко Александра Ивановна
Никифорова Полина Алексеевна
Новиков Петр Алексеевич
Новоселова Полина Владимировна
Носач Артемий Александрович
Носова Елена Павловна
Огаркина Алёна Андреевна
Омельченко Максим Павлович
Омельченко Юлия Георгиевна
Павловская Вера Вениаминовна
Панин Никита Алексеевич
Пинигина Маргарита Евгеньевна
Погарская Анастасия Владиславовна
Подрезов Михаил Андреевич
Пойманов Юрий Михайлович
Покровская Софья Владимировна
Поляченко Андрей Евгеньевич
Пылина Анна Алексеевна
Раджабов Камиль Розманович
Родионова Римма Владимировна
Рюмин Константин Данилович
Садыгов Эльшан Гусейнага оглы
Самсонова Анна Денисовна
Сатунин Николай Николаевич
Семенов Михаил Александрович
Смирнова Марина Сергеевна
Степанова Марина Александровна
Стрелкова Людмила Михайловна
Стрелкова Софья Вячеславовна
Стрельцов Дмитрий Сергеевич
Субботина Полина Ильинична
Сюняев Дамир Рафаилевич
Терещук Олег Александрович
Тихомирова Марина Ивановна
Тищенко Роман Эдуардович
Ткаченко Дарья Сергеевна
Токмаков Александр Викторович
Толстоган Анна Дмитриевна
Толстолужинская Анастасия Евгеньевна
Топников Михаил Александрович
Троицкий Павел Александрович
Трофимов Петр Алексеевич
Трошин Сергей Дмитриевич
Тюренков Илья Олегович
Умарова Анастасия Мукимовна
Устименко Ольга Олеговна
Фадеев Михаил Андреевич
Филатов Кирилл Андреевич
Фотеева Елена Вячеславовна
Халайджи Александр Константинович
Харитонов Даниил Андреевич
Хегай Ксения Александровна
Хораш Ольга Валерьевна
Хохрякова Алена Дмитриевна
Чашникова Анастасия Александровна
Черевик Мария Александровна
Чернецкий Федор Михайлович
Черных Михаил Александрович
Шендановин Юрий Сергеевич
Шибанкова Екатерина Юрьевна
Якушева Полина Владимировна
